
> rgfe@1.0.0 build
> next build --turbopack

   ▲ Next.js 15.5.4 (Turbopack)

   Creating an optimized production build ...
 ⚠ Webpack is configured while Turbopack is not, which may cause problems.
 ⚠ See instructions if you need to configure Turbopack:
  https://nextjs.org/docs/app/api-reference/next-config-js/turbopack

 ✓ Finished writing to disk in 156ms
 ✓ Compiled successfully in 6.1s
   Linting and checking validity of types ...

./app/hooks/useMultiAgent.ts
81:13  Warning: Unused eslint-disable directive (no problems were reported from '@typescript-eslint/no-unsafe-assignment').

./app/lib/agents/searcher.ts
25:59  Warning: 'signal' is defined but never used.  @typescript-eslint/no-unused-vars

info  - Need to disable some ESLint rules? Learn more here: https://nextjs.org/docs/app/api-reference/config/eslint#disabling-rules
   Collecting page data ...
   Generating static pages (0/6) ...
   Generating static pages (1/6) 
   Generating static pages (2/6) 
   Generating static pages (4/6) 
 ✓ Generating static pages (6/6)
   Finalizing page optimization ...
   Collecting build traces ...
   Exporting (0/2) ...
 ✓ Exporting (2/2)

Route (app)                         Size  First Load JS
┌ ○ /                            2.32 MB        2.43 MB
├ ○ /_not-found                      0 B         113 kB
└ ○ /test-search                 3.14 kB         116 kB
+ First Load JS shared by all     121 kB
  ├ chunks/2af9fca721db194b.js   21.8 kB
  ├ chunks/a559dd7bdf04a57e.js   75.5 kB
  └ other shared chunks (total)  24.3 kB


○  (Static)  prerendered as static content

